<html>
<body>
<pre>
<h1>µVision Build Log</h1>
<h2>Project:</h2>
N:\MTE241\Project3\Project3.uvproj
Project File Date:  11/15/2016

<h2>Output:</h2>
Load "N:\\MTE241\\Project3\\Project3.AXF" 
Erase Done.
Programming Done.
Verify OK.
Rebuild target 'Target 1'
assembling startup_LPC17xx.s...
compiling system_LPC17xx.c...
compiling Retarget.c...
compiling uart.c...
compiling array_tools.c...
array_tools.c(92): warning:  #181-D: argument is incompatible with corresponding format string conversion
compiling main.c...
compiling quicksort.c...
quicksort.c(184): error:  #268: declaration may not appear after executable statement in block
quicksort.c(184): error:  #92: identifier-list parameters may only be used in a function definition
quicksort.c(167): warning:  #550-D: variable "task_param" was set but never used
compiling RTX_Conf_CM.c...
Target not created
Rebuild target 'Target 1'
assembling startup_LPC17xx.s...
compiling system_LPC17xx.c...
compiling Retarget.c...
compiling uart.c...
compiling array_tools.c...
array_tools.c(92): warning:  #181-D: argument is incompatible with corresponding format string conversion
compiling main.c...
compiling quicksort.c...
quicksort.c(167): warning:  #550-D: variable "task_param" was set but never used
compiling RTX_Conf_CM.c...
linking...
Program Size: Code=10888 RO-data=340 RW-data=108 ZI-data=22484  
"Project3.axf" - 0 Error(s), 2 Warning(s).
Load "N:\\MTE241\\Project3\\Project3.AXF" 
Erase Done.
Programming Done.
Verify OK.
Rebuild target 'Target 1'
assembling startup_LPC17xx.s...
compiling system_LPC17xx.c...
compiling Retarget.c...
compiling uart.c...
compiling array_tools.c...
array_tools.c(92): warning:  #181-D: argument is incompatible with corresponding format string conversion
compiling main.c...
compiling quicksort.c...
quicksort.c(169): warning:  #550-D: variable "task_param" was set but never used
compiling RTX_Conf_CM.c...
linking...
Program Size: Code=10936 RO-data=340 RW-data=108 ZI-data=22484  
"Project3.axf" - 0 Error(s), 2 Warning(s).
Load "N:\\MTE241\\Project3\\Project3.AXF" 
Erase Done.
Programming Done.
Verify OK.
Rebuild target 'Target 1'
assembling startup_LPC17xx.s...
compiling system_LPC17xx.c...
compiling Retarget.c...
compiling uart.c...
compiling array_tools.c...
array_tools.c(92): warning:  #181-D: argument is incompatible with corresponding format string conversion
compiling main.c...
compiling quicksort.c...
quicksort.c(171): warning:  #550-D: variable "task_param" was set but never used
compiling RTX_Conf_CM.c...
linking...
Program Size: Code=10968 RO-data=340 RW-data=108 ZI-data=22484  
"Project3.axf" - 0 Error(s), 2 Warning(s).
Load "N:\\MTE241\\Project3\\Project3.AXF" 
Erase Done.
Programming Done.
Verify OK.
Rebuild target 'Target 1'
assembling startup_LPC17xx.s...
compiling system_LPC17xx.c...
compiling Retarget.c...
compiling uart.c...
compiling array_tools.c...
array_tools.c(92): warning:  #181-D: argument is incompatible with corresponding format string conversion
compiling main.c...
compiling quicksort.c...
quicksort.c(172): warning:  #550-D: variable "task_param" was set but never used
compiling RTX_Conf_CM.c...
linking...
Program Size: Code=11012 RO-data=340 RW-data=108 ZI-data=22484  
"Project3.axf" - 0 Error(s), 2 Warning(s).
Load "N:\\MTE241\\Project3\\Project3.AXF" 
Erase Done.
Programming Done.
Verify OK.
Rebuild target 'Target 1'
assembling startup_LPC17xx.s...
compiling system_LPC17xx.c...
compiling Retarget.c...
compiling uart.c...
compiling array_tools.c...
array_tools.c(92): warning:  #181-D: argument is incompatible with corresponding format string conversion
compiling main.c...
compiling quicksort.c...
quicksort.c(172): warning:  #550-D: variable "task_param" was set but never used
compiling RTX_Conf_CM.c...
linking...
Program Size: Code=10984 RO-data=340 RW-data=108 ZI-data=22484  
"Project3.axf" - 0 Error(s), 2 Warning(s).
Load "N:\\MTE241\\Project3\\Project3.AXF" 
Erase Done.
Programming Done.
Verify OK.
Rebuild target 'Target 1'
assembling startup_LPC17xx.s...
compiling system_LPC17xx.c...
compiling Retarget.c...
compiling uart.c...
compiling array_tools.c...
array_tools.c(92): warning:  #181-D: argument is incompatible with corresponding format string conversion
compiling main.c...
compiling quicksort.c...
quicksort.c(172): warning:  #550-D: variable "task_param" was set but never used
compiling RTX_Conf_CM.c...
linking...
Program Size: Code=11012 RO-data=340 RW-data=108 ZI-data=22484  
"Project3.axf" - 0 Error(s), 2 Warning(s).
Load "N:\\MTE241\\Project3\\Project3.AXF" 
Erase Done.
Programming Done.
Verify OK.
Rebuild target 'Target 1'
assembling startup_LPC17xx.s...
compiling system_LPC17xx.c...
compiling Retarget.c...
compiling uart.c...
compiling array_tools.c...
array_tools.c(92): warning:  #181-D: argument is incompatible with corresponding format string conversion
compiling main.c...
compiling quicksort.c...
quicksort.c(173): warning:  #550-D: variable "task_param" was set but never used
compiling RTX_Conf_CM.c...
linking...
Program Size: Code=11016 RO-data=340 RW-data=108 ZI-data=22484  
"Project3.axf" - 0 Error(s), 2 Warning(s).
Load "N:\\MTE241\\Project3\\Project3.AXF" 
Erase Done.
Programming Done.
Verify OK.
Load "N:\\MTE241\\Project3\\Project3.AXF" 
Erase Done.
Programming Done.
Verify OK.
Rebuild target 'Target 1'
assembling startup_LPC17xx.s...
compiling system_LPC17xx.c...
compiling Retarget.c...
compiling uart.c...
compiling array_tools.c...
array_tools.c(92): warning:  #181-D: argument is incompatible with corresponding format string conversion
compiling main.c...
compiling quicksort.c...
quicksort.c(173): warning:  #550-D: variable "task_param" was set but never used
compiling RTX_Conf_CM.c...
linking...
Program Size: Code=11032 RO-data=340 RW-data=108 ZI-data=22484  
"Project3.axf" - 0 Error(s), 2 Warning(s).
Load "N:\\MTE241\\Project3\\Project3.AXF" 
Erase Done.
Programming Done.
Verify OK.
Rebuild target 'Target 1'
assembling startup_LPC17xx.s...
compiling system_LPC17xx.c...
compiling Retarget.c...
compiling uart.c...
compiling array_tools.c...
array_tools.c(92): warning:  #181-D: argument is incompatible with corresponding format string conversion
compiling main.c...
compiling quicksort.c...
quicksort.c(173): warning:  #550-D: variable "task_param" was set but never used
compiling RTX_Conf_CM.c...
linking...
Program Size: Code=11040 RO-data=340 RW-data=108 ZI-data=22484  
"Project3.axf" - 0 Error(s), 2 Warning(s).
Load "N:\\MTE241\\Project3\\Project3.AXF" 
Erase Done.
Programming Done.
Verify OK.
Rebuild target 'Target 1'
assembling startup_LPC17xx.s...
compiling system_LPC17xx.c...
compiling Retarget.c...
compiling uart.c...
compiling array_tools.c...
array_tools.c(92): warning:  #181-D: argument is incompatible with corresponding format string conversion
compiling main.c...
compiling quicksort.c...
quicksort.c(171): warning:  #550-D: variable "task_param" was set but never used
compiling RTX_Conf_CM.c...
linking...
Program Size: Code=11072 RO-data=340 RW-data=108 ZI-data=22484  
"Project3.axf" - 0 Error(s), 2 Warning(s).
Load "N:\\MTE241\\Project3\\Project3.AXF" 
Erase Done.
Programming Done.
Verify OK.
Rebuild target 'Target 1'
assembling startup_LPC17xx.s...
compiling system_LPC17xx.c...
compiling Retarget.c...
compiling uart.c...
compiling array_tools.c...
array_tools.c(92): warning:  #181-D: argument is incompatible with corresponding format string conversion
compiling main.c...
compiling quicksort.c...
quicksort.c(167): warning:  #550-D: variable "task_param" was set but never used
compiling RTX_Conf_CM.c...
linking...
Program Size: Code=10896 RO-data=340 RW-data=108 ZI-data=22484  
"Project3.axf" - 0 Error(s), 2 Warning(s).
Load "N:\\MTE241\\Project3\\Project3.AXF" 
Erase Done.
Programming Done.
Verify OK.
Rebuild target 'Target 1'
assembling startup_LPC17xx.s...
compiling system_LPC17xx.c...
compiling Retarget.c...
compiling uart.c...
compiling array_tools.c...
array_tools.c(92): warning:  #181-D: argument is incompatible with corresponding format string conversion
compiling main.c...
compiling quicksort.c...
quicksort.c(169): warning:  #550-D: variable "task_param" was set but never used
compiling RTX_Conf_CM.c...
linking...
Program Size: Code=10980 RO-data=340 RW-data=108 ZI-data=22484  
"Project3.axf" - 0 Error(s), 2 Warning(s).
Load "N:\\MTE241\\Project3\\Project3.AXF" 
Erase Done.
Programming Done.
Verify OK.
Build target 'Target 1'
compiling quicksort.c...
quicksort.c(170): warning:  #550-D: variable "task_param" was set but never used
linking...
Program Size: Code=10996 RO-data=340 RW-data=108 ZI-data=22484  
"Project3.axf" - 0 Error(s), 1 Warning(s).
Load "N:\\MTE241\\Project3\\Project3.AXF" 
Erase Done.
Programming Done.
Verify OK.
Build target 'Target 1'
compiling quicksort.c...
quicksort.c(171): warning:  #550-D: variable "task_param" was set but never used
linking...
Program Size: Code=11024 RO-data=340 RW-data=108 ZI-data=22484  
"Project3.axf" - 0 Error(s), 1 Warning(s).
Load "N:\\MTE241\\Project3\\Project3.AXF" 
Erase Done.
Programming Done.
Verify OK.
Build target 'Target 1'
compiling quicksort.c...
quicksort.c(171): warning:  #550-D: variable "task_param" was set but never used
linking...
Program Size: Code=11040 RO-data=340 RW-data=108 ZI-data=22484  
"Project3.axf" - 0 Error(s), 1 Warning(s).
Load "N:\\MTE241\\Project3\\Project3.AXF" 
Erase Done.
Programming Done.
Verify OK.
Build target 'Target 1'
compiling quicksort.c...
quicksort.c(171): warning:  #550-D: variable "task_param" was set but never used
linking...
Program Size: Code=11044 RO-data=340 RW-data=108 ZI-data=22484  
"Project3.axf" - 0 Error(s), 1 Warning(s).
Load "N:\\MTE241\\Project3\\Project3.AXF" 
Erase Done.
Programming Done.
Verify OK.
Build target 'Target 1'
compiling quicksort.c...
quicksort.c(171): warning:  #550-D: variable "task_param" was set but never used
linking...
Program Size: Code=11044 RO-data=340 RW-data=108 ZI-data=22484  
"Project3.axf" - 0 Error(s), 1 Warning(s).
Load "N:\\MTE241\\Project3\\Project3.AXF" 
Erase Done.
Programming Done.
Verify OK.
Build target 'Target 1'
compiling quicksort.c...
quicksort.c(171): warning:  #550-D: variable "task_param" was set but never used
linking...
Program Size: Code=11048 RO-data=340 RW-data=108 ZI-data=22484  
"Project3.axf" - 0 Error(s), 1 Warning(s).
Build target 'Target 1'
linking...
Program Size: Code=11048 RO-data=340 RW-data=108 ZI-data=22484  
"Project3.axf" - 0 Error(s), 0 Warning(s).
Load "N:\\MTE241\\Project3\\Project3.AXF" 
Erase Done.
Programming Done.
Verify OK.
Build target 'Target 1'
compiling quicksort.c...
quicksort.c(151): error:  #132: expression must have pointer-to-struct-or-union type
Target not created
Build target 'Target 1'
compiling quicksort.c...
linking...
Program Size: Code=11064 RO-data=340 RW-data=108 ZI-data=22484  
"Project3.axf" - 0 Error(s), 0 Warning(s).
Load "N:\\MTE241\\Project3\\Project3.AXF" 
Erase Done.
Programming Done.
Verify OK.
Build target 'Target 1'
compiling quicksort.c...
quicksort.c(141): error:  #268: declaration may not appear after executable statement in block
quicksort.c(142): error:  #268: declaration may not appear after executable statement in block
Target not created
Build target 'Target 1'
compiling quicksort.c...
linking...
Program Size: Code=10940 RO-data=340 RW-data=108 ZI-data=22484  
"Project3.axf" - 0 Error(s), 0 Warning(s).
Load "N:\\MTE241\\Project3\\Project3.AXF" 
Erase Done.
Programming Done.
Verify OK.
Build target 'Target 1'
compiling quicksort.c...
linking...
Program Size: Code=10964 RO-data=340 RW-data=108 ZI-data=22484  
"Project3.axf" - 0 Error(s), 0 Warning(s).
Load "N:\\MTE241\\Project3\\Project3.AXF" 
Erase Done.
Programming Done.
Verify OK.
Build target 'Target 1'
compiling quicksort.c...
linking...
Program Size: Code=10964 RO-data=340 RW-data=108 ZI-data=22484  
"Project3.axf" - 0 Error(s), 0 Warning(s).
Load "N:\\MTE241\\Project3\\Project3.AXF" 
Erase Done.
Programming Done.
Verify OK.
Rebuild target 'Target 1'
assembling startup_LPC17xx.s...
compiling system_LPC17xx.c...
compiling Retarget.c...
compiling uart.c...
compiling array_tools.c...
array_tools.c(92): warning:  #181-D: argument is incompatible with corresponding format string conversion
compiling main.c...
compiling quicksort.c...
compiling RTX_Conf_CM.c...
linking...
Program Size: Code=10960 RO-data=340 RW-data=108 ZI-data=22484  
"Project3.axf" - 0 Error(s), 1 Warning(s).
Load "N:\\MTE241\\Project3\\Project3.AXF" 
Erase Done.
Programming Done.
Verify OK.
Rebuild target 'Target 1'
assembling startup_LPC17xx.s...
compiling system_LPC17xx.c...
compiling Retarget.c...
compiling uart.c...
compiling array_tools.c...
array_tools.c(92): warning:  #181-D: argument is incompatible with corresponding format string conversion
compiling main.c...
compiling quicksort.c...
quicksort.c(172): warning:  #550-D: variable "task_param" was set but never used
compiling RTX_Conf_CM.c...
linking...
Program Size: Code=10952 RO-data=340 RW-data=108 ZI-data=22484  
"Project3.axf" - 0 Error(s), 2 Warning(s).
Load "N:\\MTE241\\Project3\\Project3.AXF" 
Erase Done.
Programming Done.
Verify OK.
Rebuild target 'Target 1'
assembling startup_LPC17xx.s...
compiling system_LPC17xx.c...
compiling Retarget.c...
compiling uart.c...
compiling array_tools.c...
array_tools.c(92): warning:  #181-D: argument is incompatible with corresponding format string conversion
compiling main.c...
compiling quicksort.c...
quicksort.c(172): warning:  #550-D: variable "task_param" was set but never used
compiling RTX_Conf_CM.c...
linking...
Program Size: Code=11052 RO-data=340 RW-data=108 ZI-data=22484  
"Project3.axf" - 0 Error(s), 2 Warning(s).
Load "N:\\MTE241\\Project3\\Project3.AXF" 
Erase Done.
Programming Done.
Verify OK.
Rebuild target 'Target 1'
assembling startup_LPC17xx.s...
compiling system_LPC17xx.c...
compiling Retarget.c...
compiling uart.c...
compiling array_tools.c...
array_tools.c(92): warning:  #181-D: argument is incompatible with corresponding format string conversion
compiling main.c...
compiling quicksort.c...
quicksort.c(172): warning:  #550-D: variable "task_param" was set but never used
compiling RTX_Conf_CM.c...
linking...
Program Size: Code=11052 RO-data=340 RW-data=108 ZI-data=22484  
"Project3.axf" - 0 Error(s), 2 Warning(s).
Load "N:\\MTE241\\Project3\\Project3.AXF" 
Erase Done.
Programming Done.
Verify OK.
Rebuild target 'Target 1'
assembling startup_LPC17xx.s...
compiling system_LPC17xx.c...
compiling Retarget.c...
compiling uart.c...
compiling array_tools.c...
array_tools.c(92): warning:  #181-D: argument is incompatible with corresponding format string conversion
compiling main.c...
compiling quicksort.c...
quicksort.c(172): warning:  #550-D: variable "task_param" was set but never used
compiling RTX_Conf_CM.c...
linking...
Program Size: Code=10948 RO-data=340 RW-data=108 ZI-data=22484  
"Project3.axf" - 0 Error(s), 2 Warning(s).
Load "N:\\MTE241\\Project3\\Project3.AXF" 
Erase Done.
Programming Done.
Verify OK.
Rebuild target 'Target 1'
assembling startup_LPC17xx.s...
compiling system_LPC17xx.c...
compiling Retarget.c...
compiling uart.c...
compiling array_tools.c...
array_tools.c(92): warning:  #181-D: argument is incompatible with corresponding format string conversion
compiling main.c...
compiling quicksort.c...
quicksort.c(172): warning:  #550-D: variable "task_param" was set but never used
compiling RTX_Conf_CM.c...
linking...
Program Size: Code=10948 RO-data=340 RW-data=108 ZI-data=22484  
"Project3.axf" - 0 Error(s), 2 Warning(s).
Load "N:\\MTE241\\Project3\\Project3.AXF" 
Erase Done.
Programming Done.
Verify OK.
Load "N:\\MTE241\\Project3\\Project3.AXF" 
Erase Done.
Programming Done.
Verify OK.
Rebuild target 'Target 1'
assembling startup_LPC17xx.s...
compiling system_LPC17xx.c...
compiling Retarget.c...
compiling uart.c...
compiling array_tools.c...
array_tools.c(92): warning:  #181-D: argument is incompatible with corresponding format string conversion
compiling main.c...
compiling quicksort.c...
quicksort.c(171): warning:  #550-D: variable "task_param" was set but never used
compiling RTX_Conf_CM.c...
linking...
Program Size: Code=10944 RO-data=340 RW-data=108 ZI-data=22484  
"Project3.axf" - 0 Error(s), 2 Warning(s).
Load "N:\\MTE241\\Project3\\Project3.AXF" 
Erase Done.
Programming Done.
Verify OK.
Rebuild target 'Target 1'
assembling startup_LPC17xx.s...
compiling system_LPC17xx.c...
compiling Retarget.c...
compiling uart.c...
compiling array_tools.c...
array_tools.c(92): warning:  #181-D: argument is incompatible with corresponding format string conversion
compiling main.c...
compiling quicksort.c...
quicksort.c(171): warning:  #550-D: variable "task_param" was set but never used
compiling RTX_Conf_CM.c...
linking...
Program Size: Code=10944 RO-data=340 RW-data=108 ZI-data=22484  
"Project3.axf" - 0 Error(s), 2 Warning(s).
Load "N:\\MTE241\\Project3\\Project3.AXF" 
Erase Done.
Programming Done.
Verify OK.
Rebuild target 'Target 1'
assembling startup_LPC17xx.s...
compiling system_LPC17xx.c...
compiling Retarget.c...
compiling uart.c...
compiling array_tools.c...
array_tools.c(92): warning:  #181-D: argument is incompatible with corresponding format string conversion
compiling main.c...
compiling quicksort.c...
compiling RTX_Conf_CM.c...
linking...
Program Size: Code=10956 RO-data=340 RW-data=108 ZI-data=22484  
"Project3.axf" - 0 Error(s), 1 Warning(s).
Load "N:\\MTE241\\Project3\\Project3.AXF" 
Erase Done.
Programming Done.
Verify OK.
Load "N:\\MTE241\\Project3\\Project3.AXF" 
Erase Done.
Programming Done.
Verify OK.
Rebuild target 'Target 1'
assembling startup_LPC17xx.s...
compiling system_LPC17xx.c...
compiling Retarget.c...
compiling uart.c...
compiling array_tools.c...
array_tools.c(92): warning:  #181-D: argument is incompatible with corresponding format string conversion
compiling main.c...
compiling quicksort.c...
compiling RTX_Conf_CM.c...
linking...
Program Size: Code=10976 RO-data=340 RW-data=108 ZI-data=22484  
"Project3.axf" - 0 Error(s), 1 Warning(s).
Load "N:\\MTE241\\Project3\\Project3.AXF" 
Erase Done.
Programming Done.
Verify OK.
Rebuild target 'Target 1'
assembling startup_LPC17xx.s...
compiling system_LPC17xx.c...
compiling Retarget.c...
compiling uart.c...
compiling array_tools.c...
array_tools.c(92): warning:  #181-D: argument is incompatible with corresponding format string conversion
compiling main.c...
compiling quicksort.c...
compiling RTX_Conf_CM.c...
linking...
Program Size: Code=10972 RO-data=340 RW-data=108 ZI-data=22484  
"Project3.axf" - 0 Error(s), 1 Warning(s).
Load "N:\\MTE241\\Project3\\Project3.AXF" 
Erase Done.
Programming Done.
Verify OK.
Rebuild target 'Target 1'
assembling startup_LPC17xx.s...
compiling system_LPC17xx.c...
compiling Retarget.c...
compiling uart.c...
compiling array_tools.c...
array_tools.c(92): warning:  #181-D: argument is incompatible with corresponding format string conversion
compiling main.c...
compiling quicksort.c...
compiling RTX_Conf_CM.c...
linking...
Program Size: Code=10976 RO-data=340 RW-data=108 ZI-data=22484  
"Project3.axf" - 0 Error(s), 1 Warning(s).
Load "N:\\MTE241\\Project3\\Project3.AXF" 
Erase Done.
Programming Done.
Verify OK.
Rebuild target 'Target 1'
assembling startup_LPC17xx.s...
compiling system_LPC17xx.c...
compiling Retarget.c...
compiling uart.c...
compiling array_tools.c...
array_tools.c(92): warning:  #181-D: argument is incompatible with corresponding format string conversion
compiling main.c...
compiling quicksort.c...
compiling RTX_Conf_CM.c...
linking...
Program Size: Code=10980 RO-data=340 RW-data=108 ZI-data=22484  
"Project3.axf" - 0 Error(s), 1 Warning(s).
Load "N:\\MTE241\\Project3\\Project3.AXF" 
Erase Done.
Programming Done.
Verify OK.
Rebuild target 'Target 1'
assembling startup_LPC17xx.s...
compiling system_LPC17xx.c...
compiling Retarget.c...
compiling uart.c...
compiling array_tools.c...
array_tools.c(92): warning:  #181-D: argument is incompatible with corresponding format string conversion
compiling main.c...
compiling quicksort.c...
compiling RTX_Conf_CM.c...
linking...
Program Size: Code=10980 RO-data=340 RW-data=108 ZI-data=22484  
"Project3.axf" - 0 Error(s), 1 Warning(s).
Load "N:\\MTE241\\Project3\\Project3.AXF" 
Erase Done.
Programming Done.
Verify OK.
Rebuild target 'Target 1'
assembling startup_LPC17xx.s...
compiling system_LPC17xx.c...
compiling Retarget.c...
compiling uart.c...
compiling array_tools.c...
array_tools.c(92): warning:  #181-D: argument is incompatible with corresponding format string conversion
compiling main.c...
compiling quicksort.c...
compiling RTX_Conf_CM.c...
linking...
Program Size: Code=10980 RO-data=340 RW-data=108 ZI-data=22484  
"Project3.axf" - 0 Error(s), 1 Warning(s).
Load "N:\\MTE241\\Project3\\Project3.AXF" 
Erase Done.
Programming Done.
Verify OK.
Rebuild target 'Target 1'
assembling startup_LPC17xx.s...
compiling system_LPC17xx.c...
compiling Retarget.c...
compiling uart.c...
compiling array_tools.c...
array_tools.c(92): warning:  #181-D: argument is incompatible with corresponding format string conversion
compiling main.c...
compiling quicksort.c...
compiling RTX_Conf_CM.c...
linking...
Program Size: Code=10936 RO-data=340 RW-data=108 ZI-data=22484  
"Project3.axf" - 0 Error(s), 1 Warning(s).
Load "N:\\MTE241\\Project3\\Project3.AXF" 
Erase Done.
Programming Done.
Verify OK.
